============================= test session starts =============================
platform win32 -- Python 3.13.3, pytest-9.0.1, pluggy-1.6.0
rootdir: C:\prototype
plugins: anyio-4.9.0
collected 3 items

tests\test_routes.py EEE                                                 [100%]

=================================== ERRORS ====================================
______________ ERROR at setup of test_student_can_post_question _______________

    @pytest.fixture
    def app():
>       app = create_app()
              ^^^^^^^^^^^^

tests\conftest.py:7: 
_ _ _ _ _ _ _ _ _ _ _ _ _ _ _ _ _ _ _ _ _ _ _ _ _ _ _ _ _ _ _ _ _ _ _ _ _ _ _ _
app\__init__.py:27: in create_app
    db.init_app(app)
_ _ _ _ _ _ _ _ _ _ _ _ _ _ _ _ _ _ _ _ _ _ _ _ _ _ _ _ _ _ _ _ _ _ _ _ _ _ _ _

self = <SQLAlchemy>, app = <Flask 'app'>

    def init_app(self, app: Flask) -> None:
        """Initialize a Flask application for use with this extension instance. This
        must be called before accessing the database engine or session with the app.
    
        This sets default configuration values, then configures the extension on the
        application and creates the engines for each bind key. Therefore, this must be
        called after the application has been configured. Changes to application config
        after this call will not be reflected.
    
        The following keys from ``app.config`` are used:
    
        - :data:`.SQLALCHEMY_DATABASE_URI`
        - :data:`.SQLALCHEMY_ENGINE_OPTIONS`
        - :data:`.SQLALCHEMY_ECHO`
        - :data:`.SQLALCHEMY_BINDS`
        - :data:`.SQLALCHEMY_RECORD_QUERIES`
        - :data:`.SQLALCHEMY_TRACK_MODIFICATIONS`
    
        :param app: The Flask application to initialize.
        """
        if "sqlalchemy" in app.extensions:
            raise RuntimeError(
                "A 'SQLAlchemy' instance has already been registered on this Flask app."
                " Import and use that instance instead."
            )
    
        app.extensions["sqlalchemy"] = self
        app.teardown_appcontext(self._teardown_session)
    
        if self._add_models_to_shell:
            from .cli import add_models_to_shell
    
            app.shell_context_processor(add_models_to_shell)
    
        basic_uri: str | sa.engine.URL | None = app.config.setdefault(
            "SQLALCHEMY_DATABASE_URI", None
        )
        basic_engine_options = self._engine_options.copy()
        basic_engine_options.update(
            app.config.setdefault("SQLALCHEMY_ENGINE_OPTIONS", {})
        )
        echo: bool = app.config.setdefault("SQLALCHEMY_ECHO", False)
        config_binds: dict[
            str | None, str | sa.engine.URL | dict[str, t.Any]
        ] = app.config.setdefault("SQLALCHEMY_BINDS", {})
        engine_options: dict[str | None, dict[str, t.Any]] = {}
    
        # Build the engine config for each bind key.
        for key, value in config_binds.items():
            engine_options[key] = self._engine_options.copy()
    
            if isinstance(value, (str, sa.engine.URL)):
                engine_options[key]["url"] = value
            else:
                engine_options[key].update(value)
    
        # Build the engine config for the default bind key.
        if basic_uri is not None:
            basic_engine_options["url"] = basic_uri
    
        if "url" in basic_engine_options:
            engine_options.setdefault(None, {}).update(basic_engine_options)
    
        if not engine_options:
>           raise RuntimeError(
                "Either 'SQLALCHEMY_DATABASE_URI' or 'SQLALCHEMY_BINDS' must be set."
            )
E           RuntimeError: Either 'SQLALCHEMY_DATABASE_URI' or 'SQLALCHEMY_BINDS' must be set.

C:\Users\F_sho\AppData\Local\Programs\Python\Python313\Lib\site-packages\flask_sqlalchemy\extension.py:355: RuntimeError
__________ ERROR at setup of test_manager_can_view_school_questions ___________

    @pytest.fixture
    def app():
>       app = create_app()
              ^^^^^^^^^^^^

tests\conftest.py:7: 
_ _ _ _ _ _ _ _ _ _ _ _ _ _ _ _ _ _ _ _ _ _ _ _ _ _ _ _ _ _ _ _ _ _ _ _ _ _ _ _
app\__init__.py:27: in create_app
    db.init_app(app)
_ _ _ _ _ _ _ _ _ _ _ _ _ _ _ _ _ _ _ _ _ _ _ _ _ _ _ _ _ _ _ _ _ _ _ _ _ _ _ _

self = <SQLAlchemy>, app = <Flask 'app'>

    def init_app(self, app: Flask) -> None:
        """Initialize a Flask application for use with this extension instance. This
        must be called before accessing the database engine or session with the app.
    
        This sets default configuration values, then configures the extension on the
        application and creates the engines for each bind key. Therefore, this must be
        called after the application has been configured. Changes to application config
        after this call will not be reflected.
    
        The following keys from ``app.config`` are used:
    
        - :data:`.SQLALCHEMY_DATABASE_URI`
        - :data:`.SQLALCHEMY_ENGINE_OPTIONS`
        - :data:`.SQLALCHEMY_ECHO`
        - :data:`.SQLALCHEMY_BINDS`
        - :data:`.SQLALCHEMY_RECORD_QUERIES`
        - :data:`.SQLALCHEMY_TRACK_MODIFICATIONS`
    
        :param app: The Flask application to initialize.
        """
        if "sqlalchemy" in app.extensions:
            raise RuntimeError(
                "A 'SQLAlchemy' instance has already been registered on this Flask app."
                " Import and use that instance instead."
            )
    
        app.extensions["sqlalchemy"] = self
        app.teardown_appcontext(self._teardown_session)
    
        if self._add_models_to_shell:
            from .cli import add_models_to_shell
    
            app.shell_context_processor(add_models_to_shell)
    
        basic_uri: str | sa.engine.URL | None = app.config.setdefault(
            "SQLALCHEMY_DATABASE_URI", None
        )
        basic_engine_options = self._engine_options.copy()
        basic_engine_options.update(
            app.config.setdefault("SQLALCHEMY_ENGINE_OPTIONS", {})
        )
        echo: bool = app.config.setdefault("SQLALCHEMY_ECHO", False)
        config_binds: dict[
            str | None, str | sa.engine.URL | dict[str, t.Any]
        ] = app.config.setdefault("SQLALCHEMY_BINDS", {})
        engine_options: dict[str | None, dict[str, t.Any]] = {}
    
        # Build the engine config for each bind key.
        for key, value in config_binds.items():
            engine_options[key] = self._engine_options.copy()
    
            if isinstance(value, (str, sa.engine.URL)):
                engine_options[key]["url"] = value
            else:
                engine_options[key].update(value)
    
        # Build the engine config for the default bind key.
        if basic_uri is not None:
            basic_engine_options["url"] = basic_uri
    
        if "url" in basic_engine_options:
            engine_options.setdefault(None, {}).update(basic_engine_options)
    
        if not engine_options:
>           raise RuntimeError(
                "Either 'SQLALCHEMY_DATABASE_URI' or 'SQLALCHEMY_BINDS' must be set."
            )
E           RuntimeError: Either 'SQLALCHEMY_DATABASE_URI' or 'SQLALCHEMY_BINDS' must be set.

C:\Users\F_sho\AppData\Local\Programs\Python\Python313\Lib\site-packages\flask_sqlalchemy\extension.py:355: RuntimeError
______________________ ERROR at setup of test_csv_export ______________________

    @pytest.fixture
    def app():
>       app = create_app()
              ^^^^^^^^^^^^

tests\conftest.py:7: 
_ _ _ _ _ _ _ _ _ _ _ _ _ _ _ _ _ _ _ _ _ _ _ _ _ _ _ _ _ _ _ _ _ _ _ _ _ _ _ _
app\__init__.py:27: in create_app
    db.init_app(app)
_ _ _ _ _ _ _ _ _ _ _ _ _ _ _ _ _ _ _ _ _ _ _ _ _ _ _ _ _ _ _ _ _ _ _ _ _ _ _ _

self = <SQLAlchemy>, app = <Flask 'app'>

    def init_app(self, app: Flask) -> None:
        """Initialize a Flask application for use with this extension instance. This
        must be called before accessing the database engine or session with the app.
    
        This sets default configuration values, then configures the extension on the
        application and creates the engines for each bind key. Therefore, this must be
        called after the application has been configured. Changes to application config
        after this call will not be reflected.
    
        The following keys from ``app.config`` are used:
    
        - :data:`.SQLALCHEMY_DATABASE_URI`
        - :data:`.SQLALCHEMY_ENGINE_OPTIONS`
        - :data:`.SQLALCHEMY_ECHO`
        - :data:`.SQLALCHEMY_BINDS`
        - :data:`.SQLALCHEMY_RECORD_QUERIES`
        - :data:`.SQLALCHEMY_TRACK_MODIFICATIONS`
    
        :param app: The Flask application to initialize.
        """
        if "sqlalchemy" in app.extensions:
            raise RuntimeError(
                "A 'SQLAlchemy' instance has already been registered on this Flask app."
                " Import and use that instance instead."
            )
    
        app.extensions["sqlalchemy"] = self
        app.teardown_appcontext(self._teardown_session)
    
        if self._add_models_to_shell:
            from .cli import add_models_to_shell
    
            app.shell_context_processor(add_models_to_shell)
    
        basic_uri: str | sa.engine.URL | None = app.config.setdefault(
            "SQLALCHEMY_DATABASE_URI", None
        )
        basic_engine_options = self._engine_options.copy()
        basic_engine_options.update(
            app.config.setdefault("SQLALCHEMY_ENGINE_OPTIONS", {})
        )
        echo: bool = app.config.setdefault("SQLALCHEMY_ECHO", False)
        config_binds: dict[
            str | None, str | sa.engine.URL | dict[str, t.Any]
        ] = app.config.setdefault("SQLALCHEMY_BINDS", {})
        engine_options: dict[str | None, dict[str, t.Any]] = {}
    
        # Build the engine config for each bind key.
        for key, value in config_binds.items():
            engine_options[key] = self._engine_options.copy()
    
            if isinstance(value, (str, sa.engine.URL)):
                engine_options[key]["url"] = value
            else:
                engine_options[key].update(value)
    
        # Build the engine config for the default bind key.
        if basic_uri is not None:
            basic_engine_options["url"] = basic_uri
    
        if "url" in basic_engine_options:
            engine_options.setdefault(None, {}).update(basic_engine_options)
    
        if not engine_options:
>           raise RuntimeError(
                "Either 'SQLALCHEMY_DATABASE_URI' or 'SQLALCHEMY_BINDS' must be set."
            )
E           RuntimeError: Either 'SQLALCHEMY_DATABASE_URI' or 'SQLALCHEMY_BINDS' must be set.

C:\Users\F_sho\AppData\Local\Programs\Python\Python313\Lib\site-packages\flask_sqlalchemy\extension.py:355: RuntimeError
=========================== short test summary info ===========================
ERROR tests/test_routes.py::test_student_can_post_question - RuntimeError: Ei...
ERROR tests/test_routes.py::test_manager_can_view_school_questions - RuntimeE...
ERROR tests/test_routes.py::test_csv_export - RuntimeError: Either 'SQLALCHEM...
============================== 3 errors in 0.18s ==============================
